=== Print Monitor Log ===
Started: 2026-05-23 20:48 UTC
File: puffco_proxy_recycler.gcode
Estimated: 13.7h (822 min)
Expected end: ~2026-05-24 10:30 UTC

--- Initial State ---
{
  "print_stats": {
    "filename": "puffco_proxy_recycler.gcode",
    "state": "printing",
    "print_duration": 3.2,
    "filament_used": 0.0
  },
  "extruder": {
    "temperature": 29.0,
    "target": 220.0
  },
  "heater_bed": {
    "temperature": 26.6,
    "target": 55.0
  }
}
---
--- 2026-05-23 21:11 UTC ---
{"result": {"eventtime": 58082.014911832, "status": {"print_stats": {"filename": "puffco_proxy_recycler.gcode", "total_duration": 12.798005832999479, "print_duration": 0.0, "filament_used": 0.0, "state": "printing", "message": "", "info": {"total_layer": null, "current_layer": null}, "power_loss": 0, "z_pos": 0}, "extruder": {"temperature": 69.49, "target": 220.0, "power": 1.0, "can_extrude": false, "pressure_advance": 0.042, "smooth_time": 0.04}, "heater_bed": {"temperature": 27.21, "target": 55.0, "power": 1.0}}}}
