=== Preflight Log — 2026-05-23 ===

[13:40] Created print directory
[13:40] Extracted STL from 3mf via PrusaSlicer
         - 25,362 triangles, 2 parts, 17 open edges
[13:40] Auto-repair via PrusaSlicer re-export
         - WARNING: Re-export increased open edges (17→68). Reverted to raw STL.
[13:41] Model analysis complete:
         - 85×153×219.5mm, fits Ender-3 V3+ (300×300×330)
         - 34.2% overhang ratio → SUPPORTS REQUIRED
         - 147.2cm³, ~183g PLA, ~61.5m filament
[13:42] First slice attempt (--load-settings only) — 200°C/35°C temps WRONG
         - Fixed: wrong flag — should be --load-filaments for filament
[13:44] Second slice attempt (with --load-filaments) — 220°C/55°C ✅
[13:45] Gcode generated:
         - 48.3 MB, 2,153,722 lines, 1,980 layers
         - Supports: 715 type blocks
         - Estimated time: 822 min (13.7h)
[13:46] Profiles archived, workflow playbook saved

=== Verification ===
✅ Nozzle temp: 220°C
✅ Bed temp: 55°C
✅ G28 homing before heating
✅ M83 relative extrusion
✅ G92 E0 at layer change
✅ Supports enabled (normal auto, 25°)
✅ Brim enabled (5mm)
✅ Klipper gcode flavor
✅ No Bambu macros
✅ OrcaSlicer result: "Success."

=== Files in print directory ===
model_raw.stl              — original extracted STL
model_centered.stl         — STL centered at origin
model_analysis.json        — machine-readable geometry analysis
puffco_proxy_recycler.gcode — final gcode (48.3 MB)
filament_profile.json      — OrcaSlicer filament profile
machine_profile.json       — OrcaSlicer machine profile (custom start gcode)
process_profile.json       — OrcaSlicer process profile (0.16mm, 15% gyroid, supports)
plan.md                    — full print plan with rationale
result.json                — OrcaSlicer slice result

=== Workflow saved ===
/home/drmanzo/Obsidian/djinn/printer/workflows/print-job.md
